evaluating 60 days (stride 4)
2024-01-02 done
2024-01-08 done
2024-01-12 done
2024-01-18 done
2024-01-24 done
2024-01-30 done
2024-02-05 done
2024-02-19 done
2024-02-23 done
2024-02-29 done
2024-03-06 done
2024-03-12 done
2024-03-18 done
2024-03-22 done
2024-03-28 done
2024-04-03 done
2024-04-11 done
2024-04-17 done
2024-04-23 done
2024-04-29 done
2024-05-08 done
2024-05-14 done
2024-05-20 done
2024-05-24 done
2024-05-30 done
2024-06-05 done
2024-06-12 done
2024-06-18 done
2024-06-24 done
2024-06-28 done
2024-07-04 done
2024-07-10 done
2024-07-16 done
2024-07-22 done
2024-07-26 done
2024-08-01 done
2024-08-07 done
2024-08-13 done
2024-08-19 done
2024-08-23 done
2024-08-29 done
2024-09-04 done
2024-09-10 done
2024-09-18 done
2024-09-24 done
2024-09-30 done
2024-10-11 done
2024-10-17 done
2024-10-23 done
2024-10-29 done
2024-11-04 done
2024-11-08 done
2024-11-14 done
2024-11-20 done
2024-11-26 done
2024-12-02 done
2024-12-06 done
2024-12-12 done
2024-12-18 done
2024-12-24 done
             config  ic_mean  delta_vs_baseline  drop_pct
     group_trade(6) 0.030665          -0.025790 45.683119
     group_price(3) 0.037255          -0.019200 34.008686
  minute_log_return 0.046832          -0.009623 17.045937
      group_book(5) 0.047222          -0.009232 16.353495
    log_deal_number 0.049918          -0.006536 11.578111
    relative_spread 0.052043          -0.004412  7.814273
         log_amount 0.053325          -0.003130  5.543459
 depth_imbalance_l3 0.053535          -0.002920  5.172009
log_amount_per_deal 0.053542          -0.002913  5.160349
          bar_range 0.053812          -0.002642  4.680701
     close_location 0.053856          -0.002599  4.602849
  signed_log_amount 0.054180          -0.002275  4.030103
         log_volume 0.054387          -0.002068  3.663446
        depth_shape 0.056054          -0.000401  0.710377
           time_sin 0.056455           0.000000  0.000000
           baseline 0.056455           0.000000  0.000000
           time_cos 0.056455           0.000000  0.000000
     group_clock(3) 0.056455           0.000000  0.000000
         pm_session 0.056455           0.000000  0.000000
log_volume_per_deal 0.057239           0.000784 -1.388684
     microprice_gap 0.057816           0.001362 -2.411709
 depth_imbalance_l1 0.059461           0.003006 -5.324702
