{
  "note": "J is the local A/B proxy, not official platform score. Every route is scored in a separate yearly Elastic Net fit on Candidate454 plus exactly that one route. Routes never compete with sibling M versions inside the same fit.",
  "protocol": "candidate454_individual_submission_J_stability_v3",
  "reference": {
    "candidate_count": 454,
    "date_max": "2024-12-31",
    "date_min": "2019-01-02",
    "direction_calibration_years": [
      2019,
      2020,
      2021,
      2022
    ],
    "manifest": "/root/autodl-tmp/candidate454_completion_full_2019_2024/candidate454_store/candidate454_manifest.json",
    "manifest_sha256": "e0a7ba56a07f681c858064110a99c8710d1e76a7a509ff96fe0a8cd66bd4042b",
    "negative_direction_count": 43,
    "positive_direction_count": 411,
    "rows": 1214000,
    "store": "/root/autodl-tmp/candidate454_completion_full_2019_2024/candidate454_store",
    "years": [
      2019,
      2020,
      2021,
      2022,
      2024
    ]
  },
  "reference_factor_count": 454,
  "route_count": 3,
  "scoring_mode": "individual_candidate454_elastic_net",
  "summaries": [
    {
      "J_mean": 0.9338461538461538,
      "J_stable": 0.9338461538461538,
      "J_std": 0.0,
      "J_worst": 0.9338461538461538,
      "lambda_std": 0.5,
      "version": "/root/autodl-tmp/projects/bigquant-default/reports/dependencies/finals_pre_20260819/e0_holdout_2024_e3/unified_microstructure_full_oos.parquet",
      "year_scores": [
        {
          "A": 1.0,
          "B": 0.9054945054945055,
          "J": 0.9338461538461538,
          "cache_hit": true,
          "cache_key": "88d85412fba554c6bebab486e7ce929c05d9f36a4e8058d56b916b05c8d76c9e",
          "candidate_route_count": 1,
          "date_max": "2024-12-31",
          "date_min": "2024-01-02",
          "protocol": "candidate454_individual_submission_J_stability_v3",
          "reference_factor_count": 454,
          "route_source_digest": "/root/autodl-tmp/projects/bigquant-default/reports/dependencies/finals_pre_20260819/e0_holdout_2024_e3/unified_microstructure_full_oos.parquet:e7564faa40e43e1fc2036e5393025531cc32ab27f99e95eb5c4b2c7d1fc5e475",
          "rows": 242000,
          "score": {
            "a_long_short_sharpe": 6.975853458170818,
            "a_long_short_sharpe_percentile": 1.0,
            "a_proxy": 1.0,
            "a_rank_ic_ir": 0.9100733331112935,
            "a_rank_ic_ir_percentile": 1.0,
            "a_rank_ic_mean": 0.052276913369226845,
            "a_rank_ic_mean_percentile": 1.0,
            "a_stress_ic_ir": 0.5302950873026239,
            "a_stress_ic_ir_percentile": 1.0,
            "b_mean_abs_weight": 0.01673881937186961,
            "b_model_score": 1.652338888763835,
            "b_nonzero_window_ratio": 1.0,
            "b_proxy": 0.9054945054945055,
            "b_std_abs_weight": 0.010130379115352112,
            "reference_factor_count": 454.0,
            "score_days": 241.0,
            "score_proxy": 0.9338461538461538,
            "score_weight_windows": 10.0
          },
          "score_reference_digest": "6c2b21fb874b34878c29042de923689816c9c9760c62b05870bf8ff81d119091",
          "scoring": "frozen_direction_candidate454_plus_one_route",
          "version": "/root/autodl-tmp/projects/bigquant-default/reports/dependencies/finals_pre_20260819/e0_holdout_2024_e3/unified_microstructure_full_oos.parquet",
          "year": 2024
        }
      ],
      "years": [
        2024
      ]
    },
    {
      "J_mean": 0.9504395604395603,
      "J_stable": 0.9504395604395603,
      "J_std": 0.0,
      "J_worst": 0.9504395604395603,
      "lambda_std": 0.5,
      "version": "/root/autodl-tmp/projects/bigquant-default/reports/dependencies/finals_pre_20260819/e2b_kernel_5_30_120/unified_microstructure_full_oos.parquet",
      "year_scores": [
        {
          "A": 0.9989010989010989,
          "B": 0.9296703296703297,
          "J": 0.9504395604395603,
          "cache_hit": false,
          "cache_key": "f8c31dceed0aa979aac2cff65aedc2227aa8c5fb2264d3acd26db6605fb3f0fc",
          "candidate_route_count": 1,
          "date_max": "2024-12-31",
          "date_min": "2024-01-02",
          "protocol": "candidate454_individual_submission_J_stability_v3",
          "reference_factor_count": 454,
          "route_source_digest": "/root/autodl-tmp/projects/bigquant-default/reports/dependencies/finals_pre_20260819/e2b_kernel_5_30_120/unified_microstructure_full_oos.parquet:929d42f8d76233a1f9637aaa6100f02e23d6d7110fdee5d729a451223a8ae785",
          "rows": 242000,
          "score": {
            "a_long_short_sharpe": 6.616440140350684,
            "a_long_short_sharpe_percentile": 1.0,
            "a_proxy": 0.9989010989010989,
            "a_rank_ic_ir": 0.900193449189765,
            "a_rank_ic_ir_percentile": 1.0,
            "a_rank_ic_mean": 0.04970494235606018,
            "a_rank_ic_mean_percentile": 0.9956043956043956,
            "a_stress_ic_ir": 0.4908757130191487,
            "a_stress_ic_ir_percentile": 1.0,
            "b_mean_abs_weight": 0.015332469149131778,
            "b_model_score": 1.7254168241934402,
            "b_nonzero_window_ratio": 0.9,
            "b_proxy": 0.9296703296703297,
            "b_std_abs_weight": 0.008886240665106326,
            "reference_factor_count": 454.0,
            "score_days": 241.0,
            "score_proxy": 0.9504395604395603,
            "score_weight_windows": 10.0
          },
          "score_reference_digest": "6c2b21fb874b34878c29042de923689816c9c9760c62b05870bf8ff81d119091",
          "scoring": "frozen_direction_candidate454_plus_one_route",
          "version": "/root/autodl-tmp/projects/bigquant-default/reports/dependencies/finals_pre_20260819/e2b_kernel_5_30_120/unified_microstructure_full_oos.parquet",
          "year": 2024
        }
      ],
      "years": [
        2024
      ]
    },
    {
      "J_mean": 0.9707692307692308,
      "J_stable": 0.9707692307692308,
      "J_std": 0.0,
      "J_worst": 0.9707692307692308,
      "lambda_std": 0.5,
      "version": "/root/autodl-tmp/projects/bigquant-default/reports/dependencies/finals_pre_20260819/e2b_kernel_2_10_45/unified_microstructure_full_oos.parquet",
      "year_scores": [
        {
          "A": 1.0,
          "B": 0.9582417582417583,
          "J": 0.9707692307692308,
          "cache_hit": false,
          "cache_key": "ef8bc01b195f6bab31f4b1f68816fc6a7c13aa0b302995538ba244bdba70c3a6",
          "candidate_route_count": 1,
          "date_max": "2024-12-31",
          "date_min": "2024-01-02",
          "protocol": "candidate454_individual_submission_J_stability_v3",
          "reference_factor_count": 454,
          "route_source_digest": "/root/autodl-tmp/projects/bigquant-default/reports/dependencies/finals_pre_20260819/e2b_kernel_2_10_45/unified_microstructure_full_oos.parquet:e5d0c8fdaaea45d7746cb610822ecf1932c626506592be3f890ace81aa72b736",
          "rows": 242000,
          "score": {
            "a_long_short_sharpe": 7.881318205564471,
            "a_long_short_sharpe_percentile": 1.0,
            "a_proxy": 1.0,
            "a_rank_ic_ir": 0.9557786836146939,
            "a_rank_ic_ir_percentile": 1.0,
            "a_rank_ic_mean": 0.05626130089059202,
            "a_rank_ic_mean_percentile": 1.0,
            "a_stress_ic_ir": 0.5734088701346001,
            "a_stress_ic_ir_percentile": 1.0,
            "b_mean_abs_weight": 0.02287778159435916,
            "b_model_score": 1.8915709647437853,
            "b_nonzero_window_ratio": 1.0,
            "b_proxy": 0.9582417582417583,
            "b_std_abs_weight": 0.012094593340074027,
            "reference_factor_count": 454.0,
            "score_days": 241.0,
            "score_proxy": 0.9707692307692308,
            "score_weight_windows": 10.0
          },
          "score_reference_digest": "6c2b21fb874b34878c29042de923689816c9c9760c62b05870bf8ff81d119091",
          "scoring": "frozen_direction_candidate454_plus_one_route",
          "version": "/root/autodl-tmp/projects/bigquant-default/reports/dependencies/finals_pre_20260819/e2b_kernel_2_10_45/unified_microstructure_full_oos.parquet",
          "year": 2024
        }
      ],
      "years": [
        2024
      ]
    }
  ]
}
