{
  "note": "J is the local A/B proxy, not official platform score. Every route is scored in a separate yearly Elastic Net fit on Candidate454 plus exactly that one route. Routes never compete with sibling M versions inside the same fit.",
  "protocol": "candidate454_individual_submission_J_stability_v3",
  "reference": {
    "candidate_count": 454,
    "date_max": "2024-12-31",
    "date_min": "2019-01-02",
    "direction_calibration_years": [
      2019,
      2020,
      2021,
      2022
    ],
    "manifest": "/root/autodl-tmp/candidate454_completion_full_2019_2024/candidate454_store/candidate454_manifest.json",
    "manifest_sha256": "e0a7ba56a07f681c858064110a99c8710d1e76a7a509ff96fe0a8cd66bd4042b",
    "negative_direction_count": 43,
    "positive_direction_count": 411,
    "rows": 1456000,
    "store": "/root/autodl-tmp/candidate454_completion_full_2019_2024/candidate454_store",
    "years": [
      2019,
      2020,
      2021,
      2022,
      2023,
      2024
    ]
  },
  "reference_factor_count": 454,
  "route_count": 5,
  "scoring_mode": "individual_candidate454_elastic_net",
  "summaries": [
    {
      "J_mean": 0.9543519751173936,
      "J_stable": 0.9419562073389165,
      "J_std": 0.024791535556954014,
      "J_worst": 0.9295604395604395,
      "lambda_std": 0.5,
      "version": "/root/autodl-tmp/projects/bigquant-default/reports/dependencies/finals_pre_20260819/e5_blend/baseline_en454.parquet",
      "year_scores": [
        {
          "A": 0.9509911894273129,
          "B": 0.9912087912087912,
          "J": 0.9791435106743476,
          "cache_hit": false,
          "cache_key": "a967fd2f4a629e0fc84aa08c34e97ef66f24386f094133230c3653c32bac1d57",
          "candidate_route_count": 1,
          "date_max": "2023-12-29",
          "date_min": "2023-01-03",
          "protocol": "candidate454_individual_submission_J_stability_v3",
          "reference_factor_count": 454,
          "route_source_digest": "/root/autodl-tmp/projects/bigquant-default/reports/dependencies/finals_pre_20260819/e5_blend/baseline_en454.parquet:71c02e549b075d8f86692166634a8553b4359a016a41353dfdede1f98a474423",
          "rows": 242000,
          "score": {
            "a_long_short_sharpe": 5.301748760009032,
            "a_long_short_sharpe_percentile": 0.9845814977973568,
            "a_proxy": 0.9509911894273129,
            "a_rank_ic_ir": 0.5480820939661188,
            "a_rank_ic_ir_percentile": 0.9096916299559471,
            "a_rank_ic_mean": 0.03540347004267025,
            "a_rank_ic_mean_percentile": 0.9537444933920705,
            "a_stress_ic_ir": 0.39821294123922296,
            "a_stress_ic_ir_percentile": 0.9559471365638766,
            "b_mean_abs_weight": 0.04021623692323075,
            "b_model_score": 4.460094560388398,
            "b_nonzero_window_ratio": 1.0,
            "b_proxy": 0.9912087912087912,
            "b_std_abs_weight": 0.00901690230425709,
            "reference_factor_count": 454.0,
            "score_days": 242.0,
            "score_proxy": 0.9791435106743476,
            "score_weight_windows": 10.0
          },
          "score_reference_digest": "5e8482a7de54c51b2625fc98906be10755ebd04f3613747b4c7f510f6e27efe6",
          "scoring": "frozen_direction_candidate454_plus_one_route",
          "version": "/root/autodl-tmp/projects/bigquant-default/reports/dependencies/finals_pre_20260819/e5_blend/baseline_en454.parquet",
          "year": 2023
        },
        {
          "A": 0.7703296703296703,
          "B": 0.9978021978021978,
          "J": 0.9295604395604395,
          "cache_hit": false,
          "cache_key": "14544aa6d635a271d94b5d2bf0e2731d29b94c22dfd1875522bc9d89c30cf646",
          "candidate_route_count": 1,
          "date_max": "2024-12-31",
          "date_min": "2024-01-02",
          "protocol": "candidate454_individual_submission_J_stability_v3",
          "reference_factor_count": 454,
          "route_source_digest": "/root/autodl-tmp/projects/bigquant-default/reports/dependencies/finals_pre_20260819/e5_blend/baseline_en454.parquet:71c02e549b075d8f86692166634a8553b4359a016a41353dfdede1f98a474423",
          "rows": 242000,
          "score": {
            "a_long_short_sharpe": 0.9356370857748391,
            "a_long_short_sharpe_percentile": 0.7406593406593407,
            "a_proxy": 0.7703296703296703,
            "a_rank_ic_ir": 0.22132003450786988,
            "a_rank_ic_ir_percentile": 0.7648351648351648,
            "a_rank_ic_mean": 0.0185952813297157,
            "a_rank_ic_mean_percentile": 0.8241758241758241,
            "a_stress_ic_ir": 0.209607136556713,
            "a_stress_ic_ir_percentile": 0.7516483516483516,
            "b_mean_abs_weight": 0.04756260563833144,
            "b_model_score": 3.246527470815647,
            "b_nonzero_window_ratio": 1.0,
            "b_proxy": 0.9978021978021978,
            "b_std_abs_weight": 0.014650301302744079,
            "reference_factor_count": 454.0,
            "score_days": 241.0,
            "score_proxy": 0.9295604395604395,
            "score_weight_windows": 10.0
          },
          "score_reference_digest": "5e8482a7de54c51b2625fc98906be10755ebd04f3613747b4c7f510f6e27efe6",
          "scoring": "frozen_direction_candidate454_plus_one_route",
          "version": "/root/autodl-tmp/projects/bigquant-default/reports/dependencies/finals_pre_20260819/e5_blend/baseline_en454.parquet",
          "year": 2024
        }
      ],
      "years": [
        2023,
        2024
      ]
    },
    {
      "J_mean": 0.9829943239579804,
      "J_stable": 0.9745740850559133,
      "J_std": 0.01684047780413417,
      "J_worst": 0.9661538461538461,
      "lambda_std": 0.5,
      "version": "/root/autodl-tmp/projects/bigquant-default/reports/dependencies/finals_pre_20260819/e5_blend/m_walkforward.parquet",
      "year_scores": [
        {
          "A": 0.9994493392070485,
          "B": 1.0,
          "J": 0.9998348017621145,
          "cache_hit": false,
          "cache_key": "0b46a904faa7101f5344a714f282ced1bee15dd567b7423bf6b72c145cfc560a",
          "candidate_route_count": 1,
          "date_max": "2023-12-29",
          "date_min": "2023-01-03",
          "protocol": "candidate454_individual_submission_J_stability_v3",
          "reference_factor_count": 454,
          "route_source_digest": "/root/autodl-tmp/projects/bigquant-default/reports/dependencies/finals_pre_20260819/e5_blend/m_walkforward.parquet:bdd3f9c0833affa9c9398eba3ae4fe9507936985025413f24afa2665489746d4",
          "rows": 242000,
          "score": {
            "a_long_short_sharpe": 15.008670170979789,
            "a_long_short_sharpe_percentile": 1.0,
            "a_proxy": 0.9994493392070485,
            "a_rank_ic_ir": 1.4619263473074298,
            "a_rank_ic_ir_percentile": 1.0,
            "a_rank_ic_mean": 0.07316730341576622,
            "a_rank_ic_mean_percentile": 1.0,
            "a_stress_ic_ir": 1.2638524173199945,
            "a_stress_ic_ir_percentile": 0.9977973568281938,
            "b_mean_abs_weight": 0.032915364406772576,
            "b_model_score": 10.476194860031846,
            "b_nonzero_window_ratio": 1.0,
            "b_proxy": 1.0,
            "b_std_abs_weight": 0.003141919832159014,
            "reference_factor_count": 454.0,
            "score_days": 242.0,
            "score_proxy": 0.9998348017621145,
            "score_weight_windows": 10.0
          },
          "score_reference_digest": "5e8482a7de54c51b2625fc98906be10755ebd04f3613747b4c7f510f6e27efe6",
          "scoring": "frozen_direction_candidate454_plus_one_route",
          "version": "/root/autodl-tmp/projects/bigquant-default/reports/dependencies/finals_pre_20260819/e5_blend/m_walkforward.parquet",
          "year": 2023
        },
        {
          "A": 1.0,
          "B": 0.9516483516483516,
          "J": 0.9661538461538461,
          "cache_hit": false,
          "cache_key": "afbae828cdcc23735ccb5c208c46e7d9e948b7d92a04e124b1ee0d8123d44e64",
          "candidate_route_count": 1,
          "date_max": "2024-12-31",
          "date_min": "2024-01-02",
          "protocol": "candidate454_individual_submission_J_stability_v3",
          "reference_factor_count": 454,
          "route_source_digest": "/root/autodl-tmp/projects/bigquant-default/reports/dependencies/finals_pre_20260819/e5_blend/m_walkforward.parquet:bdd3f9c0833affa9c9398eba3ae4fe9507936985025413f24afa2665489746d4",
          "rows": 242000,
          "score": {
            "a_long_short_sharpe": 6.367667259188421,
            "a_long_short_sharpe_percentile": 1.0,
            "a_proxy": 1.0,
            "a_rank_ic_ir": 0.8675395654628488,
            "a_rank_ic_ir_percentile": 1.0,
            "a_rank_ic_mean": 0.055354205477471385,
            "a_rank_ic_mean_percentile": 1.0,
            "a_stress_ic_ir": 0.4939104013071356,
            "a_stress_ic_ir_percentile": 1.0,
            "b_mean_abs_weight": 0.020883099074625627,
            "b_model_score": 1.8629894426279945,
            "b_nonzero_window_ratio": 1.0,
            "b_proxy": 0.9516483516483516,
            "b_std_abs_weight": 0.011209456476202166,
            "reference_factor_count": 454.0,
            "score_days": 241.0,
            "score_proxy": 0.9661538461538461,
            "score_weight_windows": 10.0
          },
          "score_reference_digest": "5e8482a7de54c51b2625fc98906be10755ebd04f3613747b4c7f510f6e27efe6",
          "scoring": "frozen_direction_candidate454_plus_one_route",
          "version": "/root/autodl-tmp/projects/bigquant-default/reports/dependencies/finals_pre_20260819/e5_blend/m_walkforward.parquet",
          "year": 2024
        }
      ],
      "years": [
        2023,
        2024
      ]
    },
    {
      "J_mean": 0.9612821319649514,
      "J_stable": 0.9506685385099483,
      "J_std": 0.0212271869100063,
      "J_worst": 0.940054945054945,
      "lambda_std": 0.5,
      "version": "/root/autodl-tmp/projects/bigquant-default/reports/dependencies/finals_pre_20260819/e5_blend/blend10.parquet",
      "year_scores": [
        {
          "A": 0.9724669603524229,
          "B": 0.9868131868131869,
          "J": 0.9825093188749576,
          "cache_hit": false,
          "cache_key": "10d31a30b883d2d52d3b86fb5224dd527ca8508e8d914747a063be1aff5ab915",
          "candidate_route_count": 1,
          "date_max": "2023-12-29",
          "date_min": "2023-01-03",
          "protocol": "candidate454_individual_submission_J_stability_v3",
          "reference_factor_count": 454,
          "route_source_digest": "/root/autodl-tmp/projects/bigquant-default/reports/dependencies/finals_pre_20260819/e5_blend/blend10.parquet:d31ddc7e5dcef43b34da0e71cdab3a0986e79cec3b73781930d513c3e335f8da",
          "rows": 242000,
          "score": {
            "a_long_short_sharpe": 6.32756624199606,
            "a_long_short_sharpe_percentile": 0.986784140969163,
            "a_proxy": 0.9724669603524229,
            "a_rank_ic_ir": 0.6438945138545316,
            "a_rank_ic_ir_percentile": 0.947136563876652,
            "a_rank_ic_mean": 0.04197085064526231,
            "a_rank_ic_mean_percentile": 0.9845814977973568,
            "a_stress_ic_ir": 0.4694936745765537,
            "a_stress_ic_ir_percentile": 0.9713656387665198,
            "b_mean_abs_weight": 0.033106899105062974,
            "b_model_score": 3.675919919673998,
            "b_nonzero_window_ratio": 1.0,
            "b_proxy": 0.9868131868131869,
            "b_std_abs_weight": 0.009006425554646785,
            "reference_factor_count": 454.0,
            "score_days": 242.0,
            "score_proxy": 0.9825093188749576,
            "score_weight_windows": 10.0
          },
          "score_reference_digest": "5e8482a7de54c51b2625fc98906be10755ebd04f3613747b4c7f510f6e27efe6",
          "scoring": "frozen_direction_candidate454_plus_one_route",
          "version": "/root/autodl-tmp/projects/bigquant-default/reports/dependencies/finals_pre_20260819/e5_blend/blend10.parquet",
          "year": 2023
        },
        {
          "A": 0.8258241758241758,
          "B": 0.989010989010989,
          "J": 0.940054945054945,
          "cache_hit": false,
          "cache_key": "5f3e25559e60f3b619dbd37becbd83224488689ea7da6b6a0a20aa308f9cab3b",
          "candidate_route_count": 1,
          "date_max": "2024-12-31",
          "date_min": "2024-01-02",
          "protocol": "candidate454_individual_submission_J_stability_v3",
          "reference_factor_count": 454,
          "route_source_digest": "/root/autodl-tmp/projects/bigquant-default/reports/dependencies/finals_pre_20260819/e5_blend/blend10.parquet:d31ddc7e5dcef43b34da0e71cdab3a0986e79cec3b73781930d513c3e335f8da",
          "rows": 242000,
          "score": {
            "a_long_short_sharpe": 1.3422327974737478,
            "a_long_short_sharpe_percentile": 0.8175824175824176,
            "a_proxy": 0.8258241758241758,
            "a_rank_ic_ir": 0.28080749031386026,
            "a_rank_ic_ir_percentile": 0.8043956043956044,
            "a_rank_ic_mean": 0.02385947407806708,
            "a_rank_ic_mean_percentile": 0.8791208791208791,
            "a_stress_ic_ir": 0.23671188622776387,
            "a_stress_ic_ir_percentile": 0.8021978021978022,
            "b_mean_abs_weight": 0.04293440434916897,
            "b_model_score": 2.8479581410739483,
            "b_nonzero_window_ratio": 1.0,
            "b_proxy": 0.989010989010989,
            "b_std_abs_weight": 0.015075503999553411,
            "reference_factor_count": 454.0,
            "score_days": 241.0,
            "score_proxy": 0.940054945054945,
            "score_weight_windows": 10.0
          },
          "score_reference_digest": "5e8482a7de54c51b2625fc98906be10755ebd04f3613747b4c7f510f6e27efe6",
          "scoring": "frozen_direction_candidate454_plus_one_route",
          "version": "/root/autodl-tmp/projects/bigquant-default/reports/dependencies/finals_pre_20260819/e5_blend/blend10.parquet",
          "year": 2024
        }
      ],
      "years": [
        2023,
        2024
      ]
    },
    {
      "J_mean": 0.9600247494795953,
      "J_stable": 0.9589684186958416,
      "J_std": 0.00211266156750739,
      "J_worst": 0.9579120879120878,
      "lambda_std": 0.5,
      "version": "/root/autodl-tmp/projects/bigquant-default/reports/dependencies/finals_pre_20260819/e5_blend/blend25.parquet",
      "year_scores": [
        {
          "A": 0.9917400881057269,
          "B": 0.9494505494505494,
          "J": 0.9621374110471026,
          "cache_hit": false,
          "cache_key": "463ddac43ddae9dce78b3ebb4cf039f321bd98b791c6a8c2b268cc6c50c90b88",
          "candidate_route_count": 1,
          "date_max": "2023-12-29",
          "date_min": "2023-01-03",
          "protocol": "candidate454_individual_submission_J_stability_v3",
          "reference_factor_count": 454,
          "route_source_digest": "/root/autodl-tmp/projects/bigquant-default/reports/dependencies/finals_pre_20260819/e5_blend/blend25.parquet:48e9d53bf549dcdb67454a35dc0267b1851b444c57cbd783f3aa35adcae8f055",
          "rows": 242000,
          "score": {
            "a_long_short_sharpe": 7.784053109302818,
            "a_long_short_sharpe_percentile": 0.9911894273127754,
            "a_proxy": 0.9917400881057269,
            "a_rank_ic_ir": 0.8059768638309046,
            "a_rank_ic_ir_percentile": 0.9889867841409692,
            "a_rank_ic_mean": 0.052692547662338544,
            "a_rank_ic_mean_percentile": 0.9955947136563876,
            "a_stress_ic_ir": 0.5859316669697474,
            "a_stress_ic_ir_percentile": 0.9911894273127754,
            "b_mean_abs_weight": 0.01843339781714768,
            "b_model_score": 2.1066998492459046,
            "b_nonzero_window_ratio": 1.0,
            "b_proxy": 0.9494505494505494,
            "b_std_abs_weight": 0.008749892786881451,
            "reference_factor_count": 454.0,
            "score_days": 242.0,
            "score_proxy": 0.9621374110471026,
            "score_weight_windows": 10.0
          },
          "score_reference_digest": "5e8482a7de54c51b2625fc98906be10755ebd04f3613747b4c7f510f6e27efe6",
          "scoring": "frozen_direction_candidate454_plus_one_route",
          "version": "/root/autodl-tmp/projects/bigquant-default/reports/dependencies/finals_pre_20260819/e5_blend/blend25.parquet",
          "year": 2023
        },
        {
          "A": 0.910989010989011,
          "B": 0.978021978021978,
          "J": 0.9579120879120878,
          "cache_hit": false,
          "cache_key": "593c45a2dc082349ef1ce9f5015de731148a2fa342b217121805cf85519e794c",
          "candidate_route_count": 1,
          "date_max": "2024-12-31",
          "date_min": "2024-01-02",
          "protocol": "candidate454_individual_submission_J_stability_v3",
          "reference_factor_count": 454,
          "route_source_digest": "/root/autodl-tmp/projects/bigquant-default/reports/dependencies/finals_pre_20260819/e5_blend/blend25.parquet:48e9d53bf549dcdb67454a35dc0267b1851b444c57cbd783f3aa35adcae8f055",
          "rows": 242000,
          "score": {
            "a_long_short_sharpe": 2.2273607947201213,
            "a_long_short_sharpe_percentile": 0.9186813186813186,
            "a_proxy": 0.910989010989011,
            "a_rank_ic_ir": 0.38527811577112053,
            "a_rank_ic_ir_percentile": 0.9010989010989011,
            "a_rank_ic_mean": 0.03290034657043287,
            "a_rank_ic_mean_percentile": 0.9582417582417583,
            "a_stress_ic_ir": 0.28177221010650333,
            "a_stress_ic_ir_percentile": 0.865934065934066,
            "b_mean_abs_weight": 0.03147275092985664,
            "b_model_score": 2.1709807245751422,
            "b_nonzero_window_ratio": 1.0,
            "b_proxy": 0.978021978021978,
            "b_std_abs_weight": 0.014497019974161597,
            "reference_factor_count": 454.0,
            "score_days": 241.0,
            "score_proxy": 0.9579120879120878,
            "score_weight_windows": 10.0
          },
          "score_reference_digest": "5e8482a7de54c51b2625fc98906be10755ebd04f3613747b4c7f510f6e27efe6",
          "scoring": "frozen_direction_candidate454_plus_one_route",
          "version": "/root/autodl-tmp/projects/bigquant-default/reports/dependencies/finals_pre_20260819/e5_blend/blend25.parquet",
          "year": 2024
        }
      ],
      "years": [
        2023,
        2024
      ]
    },
    {
      "J_mean": 0.9299164931984315,
      "J_stable": 0.9076780268189959,
      "J_std": 0.0444769327588711,
      "J_worst": 0.8854395604395604,
      "lambda_std": 0.5,
      "version": "/root/autodl-tmp/projects/bigquant-default/reports/dependencies/finals_pre_20260819/e5_blend/blend50.parquet",
      "year_scores": [
        {
          "A": 0.9966960352422907,
          "B": 0.9648351648351648,
          "J": 0.9743934259573026,
          "cache_hit": false,
          "cache_key": "b0ad044c3460d43f532c6fdba2866eb75dbc5731989cf1466617b0729e683560",
          "candidate_route_count": 1,
          "date_max": "2023-12-29",
          "date_min": "2023-01-03",
          "protocol": "candidate454_individual_submission_J_stability_v3",
          "reference_factor_count": 454,
          "route_source_digest": "/root/autodl-tmp/projects/bigquant-default/reports/dependencies/finals_pre_20260819/e5_blend/blend50.parquet:f68446e7b33a56f5746d856a58bcb95fea7eec43136daaed28644794d67faa39",
          "rows": 242000,
          "score": {
            "a_long_short_sharpe": 10.823509198950687,
            "a_long_short_sharpe_percentile": 0.9955947136563876,
            "a_proxy": 0.9966960352422907,
            "a_rank_ic_ir": 1.1294116828398515,
            "a_rank_ic_ir_percentile": 0.9955947136563876,
            "a_rank_ic_mean": 0.06980243659959862,
            "a_rank_ic_mean_percentile": 1.0,
            "a_stress_ic_ir": 0.8434826770085305,
            "a_stress_ic_ir_percentile": 0.9955947136563876,
            "b_mean_abs_weight": 0.008645855794848986,
            "b_model_score": 2.248452981034657,
            "b_nonzero_window_ratio": 1.0,
            "b_proxy": 0.9648351648351648,
            "b_std_abs_weight": 0.0038452464274445364,
            "reference_factor_count": 454.0,
            "score_days": 242.0,
            "score_proxy": 0.9743934259573026,
            "score_weight_windows": 10.0
          },
          "score_reference_digest": "5e8482a7de54c51b2625fc98906be10755ebd04f3613747b4c7f510f6e27efe6",
          "scoring": "frozen_direction_candidate454_plus_one_route",
          "version": "/root/autodl-tmp/projects/bigquant-default/reports/dependencies/finals_pre_20260819/e5_blend/blend50.parquet",
          "year": 2023
        },
        {
          "A": 0.9873626373626374,
          "B": 0.8417582417582418,
          "J": 0.8854395604395604,
          "cache_hit": false,
          "cache_key": "11f999eab3f7e9c0ea084a50ae9b7dc4416e1453b94cec48fa89151129db7da6",
          "candidate_route_count": 1,
          "date_max": "2024-12-31",
          "date_min": "2024-01-02",
          "protocol": "candidate454_individual_submission_J_stability_v3",
          "reference_factor_count": 454,
          "route_source_digest": "/root/autodl-tmp/projects/bigquant-default/reports/dependencies/finals_pre_20260819/e5_blend/blend50.parquet:f68446e7b33a56f5746d856a58bcb95fea7eec43136daaed28644794d67faa39",
          "rows": 242000,
          "score": {
            "a_long_short_sharpe": 4.198614129020837,
            "a_long_short_sharpe_percentile": 0.9956043956043956,
            "a_proxy": 0.9873626373626374,
            "a_rank_ic_ir": 0.6008082805360082,
            "a_rank_ic_ir_percentile": 0.9956043956043956,
            "a_rank_ic_mean": 0.04841402553601669,
            "a_rank_ic_mean_percentile": 0.9956043956043956,
            "a_stress_ic_ir": 0.38404936807952983,
            "a_stress_ic_ir_percentile": 0.9626373626373627,
            "b_mean_abs_weight": 0.010491038945128608,
            "b_model_score": 1.5009788325944085,
            "b_nonzero_window_ratio": 1.0,
            "b_proxy": 0.8417582417582418,
            "b_std_abs_weight": 0.006989464951676968,
            "reference_factor_count": 454.0,
            "score_days": 241.0,
            "score_proxy": 0.8854395604395604,
            "score_weight_windows": 10.0
          },
          "score_reference_digest": "5e8482a7de54c51b2625fc98906be10755ebd04f3613747b4c7f510f6e27efe6",
          "scoring": "frozen_direction_candidate454_plus_one_route",
          "version": "/root/autodl-tmp/projects/bigquant-default/reports/dependencies/finals_pre_20260819/e5_blend/blend50.parquet",
          "year": 2024
        }
      ],
      "years": [
        2023,
        2024
      ]
    }
  ]
}
