evaluating 61 days (stride 4)
2024-01-02 done
2024-01-08 done
2024-01-12 done
2024-01-18 done
2024-01-24 done
2024-01-30 done
2024-02-05 done
2024-02-19 done
2024-02-23 done
2024-02-29 done
2024-03-06 done
2024-03-12 done
2024-03-18 done
2024-03-22 done
2024-03-28 done
2024-04-03 done
2024-04-11 done
2024-04-17 done
2024-04-23 done
2024-04-29 done
2024-05-08 done
2024-05-14 done
2024-05-20 done
2024-05-24 done
2024-05-30 done
2024-06-05 done
2024-06-12 done
2024-06-18 done
2024-06-24 done
2024-06-28 done
2024-07-04 done
2024-07-10 done
2024-07-16 done
2024-07-22 done
2024-07-26 done
2024-08-01 done
2024-08-07 done
2024-08-13 done
2024-08-19 done
2024-08-23 done
2024-08-29 done
2024-09-04 done
2024-09-10 done
2024-09-18 done
2024-09-24 done
2024-09-30 done
2024-10-11 done
2024-10-17 done
2024-10-23 done
2024-10-29 done
2024-11-04 done
2024-11-08 done
2024-11-14 done
2024-11-20 done
2024-11-26 done
2024-12-02 done
2024-12-06 done
2024-12-12 done
2024-12-18 done
2024-12-24 done
2024-12-30 done
             config  ic_mean  delta_vs_baseline  drop_pct
     group_trade(6) 0.028955          -0.016544 36.360935
     group_price(3) 0.030787          -0.014712 32.334661
      group_book(5) 0.033862          -0.011637 25.576778
  minute_log_return 0.037888          -0.007611 16.727913
    relative_spread 0.040721          -0.004778 10.501561
 depth_imbalance_l3 0.040808          -0.004691 10.309907
    log_deal_number 0.042824          -0.002675  5.878604
log_amount_per_deal 0.042944          -0.002555  5.615333
          bar_range 0.043296          -0.002203  4.840895
         log_amount 0.043326          -0.002172  4.774355
  signed_log_amount 0.044315          -0.001183  2.600926
         log_volume 0.044823          -0.000676  1.486218
     close_location 0.044992          -0.000507  1.114526
log_volume_per_deal 0.045376          -0.000122  0.268765
           time_sin 0.045499           0.000000  0.000000
           baseline 0.045499           0.000000  0.000000
           time_cos 0.045499           0.000000  0.000000
     group_clock(3) 0.045499           0.000000  0.000000
         pm_session 0.045499           0.000000  0.000000
        depth_shape 0.045733           0.000234 -0.514533
 depth_imbalance_l1 0.046208           0.000709 -1.558479
     microprice_gap 0.047214           0.001715 -3.769327
