official proxy detail keys: ['a_long_short_sharpe', 'a_long_short_sharpe_percentile', 'a_proxy', 'a_rank_ic_ir', 'a_rank_ic_ir_percentile', 'a_rank_ic_mean', 'a_rank_ic_mean_percentile', 'a_stress_ic_ir', 'a_stress_ic_ir_percentile', 'b_mean_abs_weight', 'b_model_score', 'b_nonzero_window_ratio', 'b_proxy', 'b_std_abs_weight', 'reference_factor_count', 'score_days', 'score_proxy', 'score_weight_windows']
Traceback (most recent call last):
  File "/root/autodl-tmp/projects/bigquant-default/experiments/finals_pre_20260819/e3_analysis/e3_analysis.py", line 138, in <module>
    raise SystemExit(main())
                     ^^^^^^
  File "/root/autodl-tmp/projects/bigquant-default/experiments/finals_pre_20260819/e3_analysis/e3_analysis.py", line 77, in main
    .transform(lambda s: pd.qcut(s.rank(method="first"), 10, labels=False))
     ^^^^^^^^^^^^^^^^^^^^^^^^^^^^^^^^^^^^^^^^^^^^^^^^^^^^^^^^^^^^^^^^^^^^^^
  File "/root/autodl-tmp/conda-envs/quant/lib/python3.11/site-packages/pandas/core/groupby/generic.py", line 786, in transform
    return self._transform(
           ^^^^^^^^^^^^^^^^
  File "/root/autodl-tmp/conda-envs/quant/lib/python3.11/site-packages/pandas/core/groupby/groupby.py", line 1823, in _transform
    return self._transform_general(func, engine, engine_kwargs, *args, **kwargs)
           ^^^^^^^^^^^^^^^^^^^^^^^^^^^^^^^^^^^^^^^^^^^^^^^^^^^^^^^^^^^^^^^^^^^^^
  File "/root/autodl-tmp/conda-envs/quant/lib/python3.11/site-packages/pandas/core/groupby/generic.py", line 822, in _transform_general
    res = func(group, *args, **kwargs)
          ^^^^^^^^^^^^^^^^^^^^^^^^^^^^
  File "/root/autodl-tmp/projects/bigquant-default/experiments/finals_pre_20260819/e3_analysis/e3_analysis.py", line 77, in <lambda>
    .transform(lambda s: pd.qcut(s.rank(method="first"), 10, labels=False))
                         ^^^^^^^^^^^^^^^^^^^^^^^^^^^^^^^^^^^^^^^^^^^^^^^^^
  File "/root/autodl-tmp/conda-envs/quant/lib/python3.11/site-packages/pandas/core/reshape/tile.py", line 384, in qcut
    fac, bins = _bins_to_cuts(
                ^^^^^^^^^^^^^^
  File "/root/autodl-tmp/conda-envs/quant/lib/python3.11/site-packages/pandas/core/reshape/tile.py", line 487, in _bins_to_cuts
    raise ValueError(
ValueError: Bin edges must be unique: Index([nan, nan, nan, nan, nan, nan, nan, nan, nan, nan, nan], dtype='float64', name=2024-12-31 00:00:00).
You can drop duplicate edges by setting the 'duplicates' kwarg
official proxy detail keys: ['a_long_short_sharpe', 'a_long_short_sharpe_percentile', 'a_proxy', 'a_rank_ic_ir', 'a_rank_ic_ir_percentile', 'a_rank_ic_mean', 'a_rank_ic_mean_percentile', 'a_stress_ic_ir', 'a_stress_ic_ir_percentile', 'b_mean_abs_weight', 'b_model_score', 'b_nonzero_window_ratio', 'b_proxy', 'b_std_abs_weight', 'reference_factor_count', 'score_days', 'score_proxy', 'score_weight_windows']
{
  "days": 241,
  "rank_ic_mean": 0.05227654295227757,
  "rank_ic_ir": 0.9084491080118953,
  "rank_ic_tstat": 14.102922655438254,
  "calm_ic_mean": 0.05897981125572209,
  "calm_ic_ir": 1.076584471565504,
  "stress_days": 61,
  "stress_ic_mean": 0.03249640697490032,
  "stress_ic_ir": 0.5300179541854652,
  "long_short_sharpe_deciles": 4.208563889341781,
  "decile_means": {
    "0": -6.302055408013985e-05,
    "1": -0.0008572637452743948,
    "2": -0.00041858426993712783,
    "3": -0.00031716455123387277,
    "4": 0.00031381886219605803,
    "5": 0.00020043102267663926,
    "6": 0.0006543252966366708,
    "7": 0.0007700869464315474,
    "8": 0.0009930251399055123,
    "9": 0.0013459232868626714
  },
  "rank_autocorr_mean": 0.1780589338124104,
  "top_decile_daily_churn": 0.8258935185185184
}
