ret_next_open_to_close seed1 noise_control {"days": 241, "ric_mean": 0.001163664553517995, "ric_ir": 0.03701988817552251, "ric_tstat": 0.5747032112728222, "plain_ic_mean": 0.0013724155383644915, "stress_ric_mean": 0.0039718539552419515}
ret_next_open_to_close seed2 noise_control {"days": 241, "ric_mean": -0.0002787155154957903, "ric_ir": -0.00892603537334706, "ric_tstat": -0.13856933248083633, "plain_ic_mean": -0.00024436264980249824, "stress_ric_mean": -0.0014362693490062558}
ret_next_open_to_close seed3 noise_control {"days": 241, "ric_mean": -0.0014905116816435447, "ric_ir": -0.04997939118663215, "ric_tstat": -0.7758887999939961, "plain_ic_mean": -0.0016465374861969577, "stress_ric_mean": -0.0025760843893234287}
ret_next_open_to_close seed4 noise_control {"days": 241, "ric_mean": -0.0005042941275288001, "ric_ir": -0.014532180800556278, "ric_tstat": -0.2256001134654715, "plain_ic_mean": -0.0005959408701736412, "stress_ric_mean": -0.0030632987883188805}
ret_next_open_to_close seed5 noise_control {"days": 241, "ric_mean": 0.0023694782496653014, "ric_ir": 0.07858358006387288, "ric_tstat": 1.219945225169099, "plain_ic_mean": 0.0028098072722376297, "stress_ric_mean": 0.0001798284850748935}
ret_next_open_to_close seed6 noise_control {"days": 241, "ric_mean": 0.0028813732285352753, "ric_ir": 0.09390153686404346, "ric_tstat": 1.4577438625247112, "plain_ic_mean": 0.0027641790434092257, "stress_ric_mean": 0.005840691087833792}
ret_next_open_to_close seed7 noise_control {"days": 241, "ric_mean": 0.0019440147601759686, "ric_ir": 0.06547089998316824, "ric_tstat": 1.0163816888600712, "plain_ic_mean": 0.002251405750508275, "stress_ric_mean": 0.0009786755609550596}
ret_next_open_to_close seed8 noise_control {"days": 241, "ric_mean": -0.0014058408367912043, "ric_ir": -0.043479696873720865, "ric_tstat": -0.6749864100080736, "plain_ic_mean": -0.0014138933719743865, "stress_ric_mean": 0.0016593468939314964}
ret_next_open_to_close seed9 noise_control {"days": 241, "ric_mean": -0.0005143287189184406, "ric_ir": -0.017717275725804896, "ric_tstat": -0.27504608350920234, "plain_ic_mean": -6.647319725254957e-05, "stress_ric_mean": -0.006720373179250685}
ret_next_open_to_close seed10 noise_control {"days": 241, "ric_mean": 0.00016609183246696737, "ric_ir": 0.004939969653952698, "ric_tstat": 0.07668895190218486, "plain_ic_mean": 0.0005405727383919931, "stress_ric_mean": 0.003337732184340922}
ret_next_open_to_close seed11 noise_control {"days": 241, "ric_mean": -0.0032489413782276783, "ric_ir": -0.10468240177128467, "ric_tstat": -1.625107892721503, "plain_ic_mean": -0.0037274523257515347, "stress_ric_mean": -0.0019694323684618896}
ret_next_open_to_close seed12 noise_control {"days": 241, "ric_mean": 0.0004213690448785434, "ric_ir": 0.013488772555144843, "ric_tstat": 0.20940206158418626, "plain_ic_mean": 0.0005518016140574193, "stress_ric_mean": -0.00065054402728457}
ret_next_open_to_close seed13 noise_control {"days": 241, "ric_mean": 0.0019818813822426473, "ric_ir": 0.06570591461532693, "ric_tstat": 1.02003009706588, "plain_ic_mean": 0.002182073018190998, "stress_ric_mean": 0.004100044188442269}
ret_next_open_to_close seed14 noise_control {"days": 241, "ric_mean": -0.0006660657308028173, "ric_ir": -0.021090761761648712, "ric_tstat": -0.32741667006503544, "plain_ic_mean": -0.0010075209353300732, "stress_ric_mean": 0.00164042807972796}
ret_next_open_to_close seed15 noise_control {"days": 241, "ric_mean": -0.005218759901922323, "ric_ir": -0.17112418379626912, "ric_tstat": -2.6565617240081907, "plain_ic_mean": -0.005500236187393352, "stress_ric_mean": -0.004069127183549922}
ret_next_open_to_close seed16 noise_control {"days": 241, "ric_mean": 0.0008163646777653701, "ric_ir": 0.026203727130935273, "ric_tstat": 0.4067912376737676, "plain_ic_mean": 0.00033101761073746876, "stress_ric_mean": 0.003465918301566851}
ret_next_open_to_close seed17 noise_control {"days": 241, "ric_mean": -0.002630445813088212, "ric_ir": -0.08502421579486999, "ric_tstat": -1.3199307794120725, "plain_ic_mean": -0.002529106673354401, "stress_ric_mean": -0.003415234271381471}
ret_next_open_to_close seed18 noise_control {"days": 241, "ric_mean": -0.0003035202773803851, "ric_ir": -0.009689995350946605, "ric_tstat": -0.15042918063404256, "plain_ic_mean": -0.00015503859671874338, "stress_ric_mean": -0.002483729274302762}
ret_next_open_to_close seed19 noise_control {"days": 241, "ric_mean": -0.0021711461276338597, "ric_ir": -0.06401474439580929, "ric_tstat": -0.9937760751369757, "plain_ic_mean": -0.002367685584276123, "stress_ric_mean": 0.0013175648088041376}
ret_next_open_to_close seed20 noise_control {"days": 241, "ric_mean": 0.002833707540289953, "ric_ir": 0.08341931158881748, "ric_tstat": 1.2950159661465508, "plain_ic_mean": 0.0025984200610491624, "stress_ric_mean": 0.004215665896255636}
ret_open_to_open seed1 noise_control {"days": 240, "ric_mean": 0.0021358119153885853, "ric_ir": 0.06644401927411576, "ric_tstat": 1.02934632041494, "plain_ic_mean": 0.0025654719210687162, "stress_ric_mean": -0.005102443933348429}
ret_open_to_open seed2 noise_control {"days": 240, "ric_mean": 0.0008855914140933302, "ric_ir": 0.027282053829362735, "ric_tstat": 0.42265176052582465, "plain_ic_mean": 0.0005221553777388098, "stress_ric_mean": 0.0055791491749881}
ret_open_to_open seed3 noise_control {"days": 240, "ric_mean": -0.00030422541626619565, "ric_ir": -0.009045991485529292, "ric_tstat": -0.14013989749355615, "plain_ic_mean": 1.4687277605658748e-05, "stress_ric_mean": 0.00015995568140046782}
ret_open_to_open seed4 noise_control {"days": 240, "ric_mean": -0.0002867125571349163, "ric_ir": -0.009064623082129276, "ric_tstat": -0.14042853694693613, "plain_ic_mean": -0.0004942096440464222, "stress_ric_mean": -0.0012860236067889746}
ret_open_to_open seed5 noise_control {"days": 240, "ric_mean": 0.0013265235552302201, "ric_ir": 0.04040096218485709, "ric_tstat": 0.6258890148508285, "plain_ic_mean": 0.001945516831497932, "stress_ric_mean": 0.0012528062218994066}
ret_open_to_open seed6 noise_control {"days": 240, "ric_mean": -0.002136434810673424, "ric_ir": -0.06752001697697024, "ric_tstat": -1.0460156051497913, "plain_ic_mean": -0.001775190993944086, "stress_ric_mean": -0.009292322704104211}
ret_open_to_open seed7 noise_control {"days": 240, "ric_mean": -0.0012303521969834039, "ric_ir": -0.03923982083805625, "ric_tstat": -0.6079006904558185, "plain_ic_mean": -0.0008811864128618253, "stress_ric_mean": -0.002678347175216323}
ret_open_to_open seed8 noise_control {"days": 240, "ric_mean": 0.0009861897522984054, "ric_ir": 0.03128611521989919, "ric_tstat": 0.4846824128567839, "plain_ic_mean": 0.0006941412377400077, "stress_ric_mean": 0.0005805266831189361}
ret_open_to_open seed9 noise_control {"days": 240, "ric_mean": -0.0017843590333796106, "ric_ir": -0.05434505245038742, "ric_tstat": -0.8419099323564763, "plain_ic_mean": -0.0020468176771626374, "stress_ric_mean": -0.004477814127062755}
ret_open_to_open seed10 noise_control {"days": 240, "ric_mean": 0.0030918334957757004, "ric_ir": 0.10261460570230432, "ric_tstat": 1.589698635850661, "plain_ic_mean": 0.0030319509138745215, "stress_ric_mean": 0.006534426905704662}
ret_open_to_open seed11 noise_control {"days": 240, "ric_mean": -0.001105616262218533, "ric_ir": -0.034646616812209804, "ric_tstat": -0.5367430796644739, "plain_ic_mean": -0.0008733230189415985, "stress_ric_mean": -0.003314914466593072}
ret_open_to_open seed12 noise_control {"days": 240, "ric_mean": -0.002026134817909625, "ric_ir": -0.06183341067538548, "ric_tstat": -0.9579190791398875, "plain_ic_mean": -0.0020022081336143064, "stress_ric_mean": 0.0007077768968339497}
ret_open_to_open seed13 noise_control {"days": 240, "ric_mean": -0.0012511715948054724, "ric_ir": -0.041362378895497175, "ric_tstat": -0.6407832184871268, "plain_ic_mean": -0.0009793482451095031, "stress_ric_mean": 0.005595717327170186}
ret_open_to_open seed14 noise_control {"days": 240, "ric_mean": -0.0027218275686560546, "ric_ir": -0.08290643885343606, "ric_tstat": -1.2843810278908856, "plain_ic_mean": -0.002076857788421052, "stress_ric_mean": -0.005972492824653384}
ret_open_to_open seed15 noise_control {"days": 240, "ric_mean": -0.0006611506734757238, "ric_ir": -0.020712862514525903, "ric_tstat": -0.3208822862841708, "plain_ic_mean": -0.00037708131219860223, "stress_ric_mean": 0.008129927858702283}
ret_open_to_open seed16 noise_control {"days": 240, "ric_mean": 0.0004060868679243867, "ric_ir": 0.012023226839223322, "ric_tstat": 0.1862630292639439, "plain_ic_mean": -0.00015679180804521557, "stress_ric_mean": -0.0004914673420789961}
ret_open_to_open seed17 noise_control {"days": 240, "ric_mean": 0.0016036894261626596, "ric_ir": 0.054825996647716535, "ric_tstat": 0.8493606878233193, "plain_ic_mean": 0.0017542703717173596, "stress_ric_mean": 0.0023444317380134074}
ret_open_to_open seed18 noise_control {"days": 240, "ric_mean": -0.00024676661038949577, "ric_ir": -0.008035408357437851, "ric_tstat": -0.12448401099333077, "plain_ic_mean": 0.0002951758350266199, "stress_ric_mean": -0.0010093884287493582}
ret_open_to_open seed19 noise_control {"days": 240, "ric_mean": -0.0009789787655084807, "ric_ir": -0.03076067009230986, "ric_tstat": -0.47654225194278665, "plain_ic_mean": -0.0009523040980628376, "stress_ric_mean": -0.002033999154113582}
ret_open_to_open seed20 noise_control {"days": 240, "ric_mean": 0.0024464375911366016, "ric_ir": 0.07293260912336885, "ric_tstat": 1.1298671221210508, "plain_ic_mean": 0.0027003454784338536, "stress_ric_mean": 0.00142657793062193}
NOISE NULL DONE
