{
  "note": "J is the local A/B proxy, not official platform score. Every route is scored in a separate yearly Elastic Net fit on Candidate454 plus exactly that one route. Routes never compete with sibling M versions inside the same fit.",
  "protocol": "candidate454_individual_submission_J_stability_v3",
  "reference": {
    "candidate_count": 454,
    "date_max": "2024-12-31",
    "date_min": "2019-01-02",
    "direction_calibration_years": [
      2019,
      2020,
      2021,
      2022
    ],
    "manifest": "/root/autodl-tmp/candidate454_completion_full_2019_2024/candidate454_store/candidate454_manifest.json",
    "manifest_sha256": "e0a7ba56a07f681c858064110a99c8710d1e76a7a509ff96fe0a8cd66bd4042b",
    "negative_direction_count": 47,
    "positive_direction_count": 407,
    "rows": 1214000,
    "store": "/root/autodl-tmp/candidate454_completion_full_2019_2024/candidate454_store",
    "years": [
      2019,
      2020,
      2021,
      2022,
      2024
    ]
  },
  "reference_factor_count": 454,
  "route_count": 5,
  "scoring_mode": "individual_candidate454_elastic_net",
  "summaries": [
    {
      "J_mean": 0.9628797744106113,
      "J_stable": 0.9628797744106113,
      "J_std": 0.0,
      "J_worst": 0.9628797744106113,
      "lambda_std": 0.5,
      "version": "reports/dependencies/finals_pre/e8_en_blend/baseline_en454.parquet",
      "year_scores": [
        {
          "A": 0.8762659147020381,
          "B": 1.0,
          "J": 0.9628797744106113,
          "cache_hit": false,
          "cache_key": "4264e402b39f692f670263926634593830c7bce03daee023a2d0cf0abc4188af",
          "candidate_route_count": 1,
          "date_max": "2024-12-31",
          "date_min": "2024-01-02",
          "protocol": "candidate454_individual_submission_J_stability_v3",
          "reference_factor_count": 454,
          "route_source_digest": "reports/dependencies/finals_pre/e8_en_blend/baseline_en454.parquet:71c02e549b075d8f86692166634a8553b4359a016a41353dfdede1f98a474423",
          "rows": 242000,
          "score": {
            "a_long_short_sharpe": 2.429212801149768,
            "a_long_short_sharpe_percentile": 0.9648351648351648,
            "a_proxy": 0.8762659147020381,
            "a_rank_ic_ir": 0.24352459095763532,
            "a_rank_ic_ir_percentile": 0.8395604395604396,
            "a_rank_ic_mean": 0.018959290944245318,
            "a_rank_ic_mean_percentile": 0.8967032967032967,
            "a_stress_ic_ir": 0.2047886526702285,
            "a_stress_ic_ir_percentile": 0.8039647577092511,
            "b_mean_abs_weight": 0.044667514709526165,
            "b_model_score": 4.207987897373567,
            "b_nonzero_window_ratio": 1.0,
            "b_proxy": 1.0,
            "b_std_abs_weight": 0.010614934214330225,
            "reference_factor_count": 454.0,
            "score_days": 240.0,
            "score_proxy": 0.9628797744106113,
            "score_weight_windows": 10.0
          },
          "score_reference_digest": "42b4baac409a4eddff8f80210acd8278c969c94df49316babeccc755b92e1483",
          "scoring": "frozen_direction_candidate454_plus_one_route",
          "version": "reports/dependencies/finals_pre/e8_en_blend/baseline_en454.parquet",
          "year": 2024
        }
      ],
      "years": [
        2024
      ]
    },
    {
      "J_mean": 0.9952197802197802,
      "J_stable": 0.9952197802197802,
      "J_std": 0.0,
      "J_worst": 0.9952197802197802,
      "lambda_std": 0.5,
      "version": "reports/dependencies/finals_pre/e8_en_blend/m_walkforward.parquet",
      "year_scores": [
        {
          "A": 0.9994505494505495,
          "B": 0.9934065934065934,
          "J": 0.9952197802197802,
          "cache_hit": false,
          "cache_key": "97858fc9389087c3730ca40bfd1a2c2dc70efa8178d03f75ce2084f63a512832",
          "candidate_route_count": 1,
          "date_max": "2024-12-31",
          "date_min": "2024-01-02",
          "protocol": "candidate454_individual_submission_J_stability_v3",
          "reference_factor_count": 454,
          "route_source_digest": "reports/dependencies/finals_pre/e8_en_blend/m_walkforward.parquet:bdd3f9c0833affa9c9398eba3ae4fe9507936985025413f24afa2665489746d4",
          "rows": 242000,
          "score": {
            "a_long_short_sharpe": 7.253092449866967,
            "a_long_short_sharpe_percentile": 1.0,
            "a_proxy": 0.9994505494505495,
            "a_rank_ic_ir": 0.6748133188623457,
            "a_rank_ic_ir_percentile": 1.0,
            "a_rank_ic_mean": 0.03981680820453623,
            "a_rank_ic_mean_percentile": 0.9978021978021978,
            "a_stress_ic_ir": 0.6271395008616696,
            "a_stress_ic_ir_percentile": 1.0,
            "b_mean_abs_weight": 0.01901471589192071,
            "b_model_score": 2.3462359663393233,
            "b_nonzero_window_ratio": 1.0,
            "b_proxy": 0.9934065934065934,
            "b_std_abs_weight": 0.008104349333303366,
            "reference_factor_count": 454.0,
            "score_days": 240.0,
            "score_proxy": 0.9952197802197802,
            "score_weight_windows": 10.0
          },
          "score_reference_digest": "42b4baac409a4eddff8f80210acd8278c969c94df49316babeccc755b92e1483",
          "scoring": "frozen_direction_candidate454_plus_one_route",
          "version": "reports/dependencies/finals_pre/e8_en_blend/m_walkforward.parquet",
          "year": 2024
        }
      ],
      "years": [
        2024
      ]
    },
    {
      "J_mean": 0.9734361233480175,
      "J_stable": 0.9734361233480175,
      "J_std": 0.0,
      "J_worst": 0.9734361233480175,
      "lambda_std": 0.5,
      "version": "reports/dependencies/finals_pre/e8_en_blend/blend10.parquet",
      "year_scores": [
        {
          "A": 0.9114537444933921,
          "B": 1.0,
          "J": 0.9734361233480175,
          "cache_hit": false,
          "cache_key": "56a6b8a18a982236ab3a7c6fe85f381cebe3afe79a8bb119d4846973a6844ee6",
          "candidate_route_count": 1,
          "date_max": "2024-12-31",
          "date_min": "2024-01-02",
          "protocol": "candidate454_individual_submission_J_stability_v3",
          "reference_factor_count": 454,
          "route_source_digest": "reports/dependencies/finals_pre/e8_en_blend/blend10.parquet:d31ddc7e5dcef43b34da0e71cdab3a0986e79cec3b73781930d513c3e335f8da",
          "rows": 242000,
          "score": {
            "a_long_short_sharpe": 2.6454680532011112,
            "a_long_short_sharpe_percentile": 0.9714285714285714,
            "a_proxy": 0.9114537444933921,
            "a_rank_ic_ir": 0.28529338854362885,
            "a_rank_ic_ir_percentile": 0.8967032967032967,
            "a_rank_ic_mean": 0.02245103531514136,
            "a_rank_ic_mean_percentile": 0.9318681318681319,
            "a_stress_ic_ir": 0.2337411974056754,
            "a_stress_ic_ir_percentile": 0.8458149779735683,
            "b_mean_abs_weight": 0.04061522653447742,
            "b_model_score": 3.7478541161885266,
            "b_nonzero_window_ratio": 1.0,
            "b_proxy": 1.0,
            "b_std_abs_weight": 0.010836928351958968,
            "reference_factor_count": 454.0,
            "score_days": 240.0,
            "score_proxy": 0.9734361233480175,
            "score_weight_windows": 10.0
          },
          "score_reference_digest": "42b4baac409a4eddff8f80210acd8278c969c94df49316babeccc755b92e1483",
          "scoring": "frozen_direction_candidate454_plus_one_route",
          "version": "reports/dependencies/finals_pre/e8_en_blend/blend10.parquet",
          "year": 2024
        }
      ],
      "years": [
        2024
      ]
    },
    {
      "J_mean": 0.9891088977102193,
      "J_stable": 0.9891088977102193,
      "J_std": 0.0,
      "J_worst": 0.9891088977102193,
      "lambda_std": 0.5,
      "version": "reports/dependencies/finals_pre/e8_en_blend/blend25.parquet",
      "year_scores": [
        {
          "A": 0.963696325700731,
          "B": 1.0,
          "J": 0.9891088977102193,
          "cache_hit": false,
          "cache_key": "245288fce20f2012041a827e73dc37488e76b537da5ca49bf36fc9e57723e621",
          "candidate_route_count": 1,
          "date_max": "2024-12-31",
          "date_min": "2024-01-02",
          "protocol": "candidate454_individual_submission_J_stability_v3",
          "reference_factor_count": 454,
          "route_source_digest": "reports/dependencies/finals_pre/e8_en_blend/blend25.parquet:48e9d53bf549dcdb67454a35dc0267b1851b444c57cbd783f3aa35adcae8f055",
          "rows": 242000,
          "score": {
            "a_long_short_sharpe": 3.6818872380263823,
            "a_long_short_sharpe_percentile": 0.9956043956043956,
            "a_proxy": 0.963696325700731,
            "a_rank_ic_ir": 0.35843358817585613,
            "a_rank_ic_ir_percentile": 0.9582417582417583,
            "a_rank_ic_mean": 0.028338916928827017,
            "a_rank_ic_mean_percentile": 0.9736263736263736,
            "a_stress_ic_ir": 0.28629253895183665,
            "a_stress_ic_ir_percentile": 0.9273127753303965,
            "b_mean_abs_weight": 0.030625251062751695,
            "b_model_score": 3.0096633279028273,
            "b_nonzero_window_ratio": 1.0,
            "b_proxy": 1.0,
            "b_std_abs_weight": 0.01017564017071707,
            "reference_factor_count": 454.0,
            "score_days": 240.0,
            "score_proxy": 0.9891088977102193,
            "score_weight_windows": 10.0
          },
          "score_reference_digest": "42b4baac409a4eddff8f80210acd8278c969c94df49316babeccc755b92e1483",
          "scoring": "frozen_direction_candidate454_plus_one_route",
          "version": "reports/dependencies/finals_pre/e8_en_blend/blend25.parquet",
          "year": 2024
        }
      ],
      "years": [
        2024
      ]
    },
    {
      "J_mean": 0.7909871956237595,
      "J_stable": 0.7909871956237595,
      "J_std": 0.0,
      "J_worst": 0.7909871956237595,
      "lambda_std": 0.5,
      "version": "reports/dependencies/finals_pre/e8_en_blend/blend50.parquet",
      "year_scores": [
        {
          "A": 0.9955983443868907,
          "B": 0.7032967032967034,
          "J": 0.7909871956237595,
          "cache_hit": false,
          "cache_key": "c17ac698f6ba329e327f6d222ce8c1e67f6c3aab68a88789770816e291fa9981",
          "candidate_route_count": 1,
          "date_max": "2024-12-31",
          "date_min": "2024-01-02",
          "protocol": "candidate454_individual_submission_J_stability_v3",
          "reference_factor_count": 454,
          "route_source_digest": "reports/dependencies/finals_pre/e8_en_blend/blend50.parquet:f68446e7b33a56f5746d856a58bcb95fea7eec43136daaed28644794d67faa39",
          "rows": 242000,
          "score": {
            "a_long_short_sharpe": 5.571141978712959,
            "a_long_short_sharpe_percentile": 1.0,
            "a_proxy": 0.9955983443868907,
            "a_rank_ic_ir": 0.5064378275118556,
            "a_rank_ic_ir_percentile": 0.9978021978021978,
            "a_rank_ic_mean": 0.03787517022200514,
            "a_rank_ic_mean_percentile": 0.9956043956043956,
            "a_stress_ic_ir": 0.40823690240796084,
            "a_stress_ic_ir_percentile": 0.9889867841409692,
            "b_mean_abs_weight": 0.007772718524237958,
            "b_model_score": 1.2627647235610253,
            "b_nonzero_window_ratio": 0.8,
            "b_proxy": 0.7032967032967034,
            "b_std_abs_weight": 0.006155318071489952,
            "reference_factor_count": 454.0,
            "score_days": 240.0,
            "score_proxy": 0.7909871956237595,
            "score_weight_windows": 10.0
          },
          "score_reference_digest": "42b4baac409a4eddff8f80210acd8278c969c94df49316babeccc755b92e1483",
          "scoring": "frozen_direction_candidate454_plus_one_route",
          "version": "reports/dependencies/finals_pre/e8_en_blend/blend50.parquet",
          "year": 2024
        }
      ],
      "years": [
        2024
      ]
    }
  ]
}
