{"phase": "training", "epoch": 1, "step": 50, "total": 1213, "elapsed_seconds": 24.8}
{"phase": "training", "epoch": 1, "step": 100, "total": 1213, "elapsed_seconds": 48.08}
{"phase": "training", "epoch": 1, "step": 150, "total": 1213, "elapsed_seconds": 71.32}
{"phase": "training", "epoch": 1, "step": 200, "total": 1213, "elapsed_seconds": 94.38}
{"phase": "training", "epoch": 1, "step": 250, "total": 1213, "elapsed_seconds": 117.13}
{"phase": "training", "epoch": 1, "step": 300, "total": 1213, "elapsed_seconds": 139.4}
{"phase": "training", "epoch": 1, "step": 350, "total": 1213, "elapsed_seconds": 162.15}
{"phase": "training", "epoch": 1, "step": 400, "total": 1213, "elapsed_seconds": 184.88}
{"phase": "training", "epoch": 1, "step": 450, "total": 1213, "elapsed_seconds": 207.5}
{"phase": "training", "epoch": 1, "step": 500, "total": 1213, "elapsed_seconds": 230.27}
{"phase": "training", "epoch": 1, "step": 550, "total": 1213, "elapsed_seconds": 252.93}
{"phase": "training", "epoch": 1, "step": 600, "total": 1213, "elapsed_seconds": 275.61}
{"phase": "training", "epoch": 1, "step": 650, "total": 1213, "elapsed_seconds": 298.43}
{"phase": "training", "epoch": 1, "step": 700, "total": 1213, "elapsed_seconds": 321.35}
{"phase": "training", "epoch": 1, "step": 750, "total": 1213, "elapsed_seconds": 344.24}
{"phase": "training", "epoch": 1, "step": 800, "total": 1213, "elapsed_seconds": 367.4}
{"phase": "training", "epoch": 1, "step": 850, "total": 1213, "elapsed_seconds": 390.32}
{"phase": "training", "epoch": 1, "step": 900, "total": 1213, "elapsed_seconds": 412.37}
{"phase": "training", "epoch": 1, "step": 950, "total": 1213, "elapsed_seconds": 435.1}
{"phase": "training", "epoch": 1, "step": 1000, "total": 1213, "elapsed_seconds": 458.06}
{"phase": "training", "epoch": 1, "step": 1050, "total": 1213, "elapsed_seconds": 478.96}
{"phase": "training", "epoch": 1, "step": 1100, "total": 1213, "elapsed_seconds": 501.67}
{"phase": "training", "epoch": 1, "step": 1150, "total": 1213, "elapsed_seconds": 525.08}
{"phase": "training", "epoch": 1, "step": 1200, "total": 1213, "elapsed_seconds": 548.54}
epoch=1 loss=-0.031963
{"phase": "training", "epoch": 2, "step": 50, "total": 1213, "elapsed_seconds": 23.13}
{"phase": "training", "epoch": 2, "step": 100, "total": 1213, "elapsed_seconds": 46.48}
{"phase": "training", "epoch": 2, "step": 150, "total": 1213, "elapsed_seconds": 70.11}
{"phase": "training", "epoch": 2, "step": 200, "total": 1213, "elapsed_seconds": 93.41}
{"phase": "training", "epoch": 2, "step": 250, "total": 1213, "elapsed_seconds": 116.47}
{"phase": "training", "epoch": 2, "step": 300, "total": 1213, "elapsed_seconds": 139.91}
{"phase": "training", "epoch": 2, "step": 350, "total": 1213, "elapsed_seconds": 163.36}
{"phase": "training", "epoch": 2, "step": 400, "total": 1213, "elapsed_seconds": 185.59}
{"phase": "training", "epoch": 2, "step": 450, "total": 1213, "elapsed_seconds": 208.38}
{"phase": "training", "epoch": 2, "step": 500, "total": 1213, "elapsed_seconds": 231.51}
{"phase": "training", "epoch": 2, "step": 550, "total": 1213, "elapsed_seconds": 254.71}
{"phase": "training", "epoch": 2, "step": 600, "total": 1213, "elapsed_seconds": 277.91}
{"phase": "training", "epoch": 2, "step": 650, "total": 1213, "elapsed_seconds": 301.28}
{"phase": "training", "epoch": 2, "step": 700, "total": 1213, "elapsed_seconds": 324.57}
{"phase": "training", "epoch": 2, "step": 750, "total": 1213, "elapsed_seconds": 347.55}
{"phase": "training", "epoch": 2, "step": 800, "total": 1213, "elapsed_seconds": 370.39}
{"phase": "training", "epoch": 2, "step": 850, "total": 1213, "elapsed_seconds": 392.96}
{"phase": "training", "epoch": 2, "step": 900, "total": 1213, "elapsed_seconds": 415.88}
{"phase": "training", "epoch": 2, "step": 950, "total": 1213, "elapsed_seconds": 438.86}
{"phase": "training", "epoch": 2, "step": 1000, "total": 1213, "elapsed_seconds": 462.03}
{"phase": "training", "epoch": 2, "step": 1050, "total": 1213, "elapsed_seconds": 485.19}
{"phase": "training", "epoch": 2, "step": 1100, "total": 1213, "elapsed_seconds": 508.68}
{"phase": "training", "epoch": 2, "step": 1150, "total": 1213, "elapsed_seconds": 530.6}
{"phase": "training", "epoch": 2, "step": 1200, "total": 1213, "elapsed_seconds": 552.97}
epoch=2 loss=-0.045110
{"phase": "training", "epoch": 3, "step": 50, "total": 1213, "elapsed_seconds": 23.1}
{"phase": "training", "epoch": 3, "step": 100, "total": 1213, "elapsed_seconds": 46.48}
{"phase": "training", "epoch": 3, "step": 150, "total": 1213, "elapsed_seconds": 69.44}
{"phase": "training", "epoch": 3, "step": 200, "total": 1213, "elapsed_seconds": 92.27}
{"phase": "training", "epoch": 3, "step": 250, "total": 1213, "elapsed_seconds": 114.79}
{"phase": "training", "epoch": 3, "step": 300, "total": 1213, "elapsed_seconds": 137.72}
{"phase": "training", "epoch": 3, "step": 350, "total": 1213, "elapsed_seconds": 160.63}
{"phase": "training", "epoch": 3, "step": 400, "total": 1213, "elapsed_seconds": 183.45}
{"phase": "training", "epoch": 3, "step": 450, "total": 1213, "elapsed_seconds": 207.04}
{"phase": "training", "epoch": 3, "step": 500, "total": 1213, "elapsed_seconds": 230.19}
{"phase": "training", "epoch": 3, "step": 550, "total": 1213, "elapsed_seconds": 253.52}
{"phase": "training", "epoch": 3, "step": 600, "total": 1213, "elapsed_seconds": 276.48}
{"phase": "training", "epoch": 3, "step": 650, "total": 1213, "elapsed_seconds": 299.82}
{"phase": "training", "epoch": 3, "step": 700, "total": 1213, "elapsed_seconds": 323.11}
{"phase": "training", "epoch": 3, "step": 750, "total": 1213, "elapsed_seconds": 346.49}
{"phase": "training", "epoch": 3, "step": 800, "total": 1213, "elapsed_seconds": 369.96}
{"phase": "training", "epoch": 3, "step": 850, "total": 1213, "elapsed_seconds": 393.43}
{"phase": "training", "epoch": 3, "step": 900, "total": 1213, "elapsed_seconds": 416.96}
{"phase": "training", "epoch": 3, "step": 950, "total": 1213, "elapsed_seconds": 440.16}
{"phase": "training", "epoch": 3, "step": 1000, "total": 1213, "elapsed_seconds": 463.54}
{"phase": "training", "epoch": 3, "step": 1050, "total": 1213, "elapsed_seconds": 486.25}
{"phase": "training", "epoch": 3, "step": 1100, "total": 1213, "elapsed_seconds": 508.51}
{"phase": "training", "epoch": 3, "step": 1150, "total": 1213, "elapsed_seconds": 531.44}
{"phase": "training", "epoch": 3, "step": 1200, "total": 1213, "elapsed_seconds": 554.74}
epoch=3 loss=-0.050019
checkpoint=saved path=/root/autodl-tmp/minute-grid-240-20260906/results/clock240/unified_microstructure_block_00_checkpoint.pt
{"phase": "inference", "step": 50, "total": 241, "elapsed_seconds": 19.29}
{"phase": "inference", "step": 100, "total": 241, "elapsed_seconds": 37.37}
{"phase": "inference", "step": 150, "total": 241, "elapsed_seconds": 55.94}
{"phase": "inference", "step": 200, "total": 241, "elapsed_seconds": 74.75}
{"train_start": "2019-01-02", "train_end": "2023-12-28", "prediction_start": "2024-01-02", "prediction_end": "2024-12-30", "usable_train_days": 1213, "prediction_days": 241, "missing_prediction_days": 0, "rank_ic_mean": 0.042834695342894996, "epoch_losses": [-0.03196333615018726, -0.0451097785148183, -0.050018750782211456], "epoch_oos_rank_ic": [], "parameter_count": 217953, "checkpoint": "/root/autodl-tmp/minute-grid-240-20260906/results/clock240/unified_microstructure_block_00_checkpoint.pt", "checkpoint_sha256": "4b6c1d5f9008a5fd50e51c15c453fb3dacd1dd67375f353478a17f66a9451173", "checkpoint_reused": false, "block": 0}
