reports/m_e2e/factor_m_guard_before.sha256: OK
reports/m_e2e/format_smoke_audit.json: OK
reports/m_e2e/m_e2e_checkpoint.json: OK
reports/m_e2e/m_e2e_checkpoint.pt: OK
reports/m_e2e/prepare.log: OK
reports/m_e2e/smoke_checkpoint.json: OK
reports/m_e2e/smoke_checkpoint.pt: OK
reports/m_e2e/submission_build_audit.json: OK
reports/m_e2e/train.log: OK
reports/m_e2e/train.pid: OK
reports/m_e2e/train_cancelled_20260803_1531.log: OK
reports/m_expanding_history_retrain_20260803/all_combination_correlations_v1/correlation_matrix_2024.csv: OK
reports/m_expanding_history_retrain_20260803/all_combination_correlations_v1/correlation_pairs_2024.csv: OK
reports/m_expanding_history_retrain_20260803/all_combination_correlations_v1/summary.json: OK
reports/m_expanding_history_retrain_20260803/combinations_v1/moe/txm_rolling_unseen.json: OK
reports/m_expanding_history_retrain_20260803/combinations_v1/moe/txm_rolling_unseen_routes/linear_20260801_2024_h1.parquet: OK
reports/m_expanding_history_retrain_20260803/combinations_v1/moe/txm_rolling_unseen_routes/linear_20260801_2024_h2.parquet: OK
reports/m_expanding_history_retrain_20260803/combinations_v1/moe/txm_rolling_unseen_routes/linear_20260802_2024_h1.parquet: OK
reports/m_expanding_history_retrain_20260803/combinations_v1/moe/txm_rolling_unseen_routes/linear_20260802_2024_h2.parquet: OK
reports/m_expanding_history_retrain_20260803/combinations_v1/moe/txm_rolling_unseen_routes/linear_20260803_2024_h1.parquet: OK
reports/m_expanding_history_retrain_20260803/combinations_v1/moe/txm_rolling_unseen_routes/linear_20260803_2024_h2.parquet: OK
reports/m_expanding_history_retrain_20260803/combinations_v1/moe/txm_rolling_unseen_routes/mlp_20260801_2024_h1.parquet: OK
reports/m_expanding_history_retrain_20260803/combinations_v1/moe/txm_rolling_unseen_routes/mlp_20260801_2024_h2.parquet: OK
reports/m_expanding_history_retrain_20260803/combinations_v1/moe/txm_rolling_unseen_routes/mlp_20260802_2024_h1.parquet: OK
reports/m_expanding_history_retrain_20260803/combinations_v1/moe/txm_rolling_unseen_routes/mlp_20260802_2024_h2.parquet: OK
reports/m_expanding_history_retrain_20260803/combinations_v1/moe/txm_rolling_unseen_routes/mlp_20260803_2024_h1.parquet: OK
reports/m_expanding_history_retrain_20260803/combinations_v1/moe/txm_rolling_unseen_routes/mlp_20260803_2024_h2.parquet: OK
reports/m_expanding_history_retrain_20260803/combinations_v1/run.log: OK
reports/m_expanding_history_retrain_20260803/combinations_v1/static/all_five_experts.csv: OK
reports/m_expanding_history_retrain_20260803/combinations_v1/static/all_five_experts.json: OK
reports/m_expanding_history_retrain_20260803/combinations_v1/static/m_elasticnet.csv: OK
reports/m_expanding_history_retrain_20260803/combinations_v1/static/m_elasticnet.json: OK
reports/m_expanding_history_retrain_20260803/combinations_v1/static/m_temporal.csv: OK
reports/m_expanding_history_retrain_20260803/combinations_v1/static/m_temporal.json: OK
reports/m_expanding_history_retrain_20260803/combinations_v1/static/m_x_mlp.csv: OK
reports/m_expanding_history_retrain_20260803/combinations_v1/static/m_x_mlp.json: OK
reports/m_expanding_history_retrain_20260803/combinations_v1/static/m_x_tree.csv: OK
reports/m_expanding_history_retrain_20260803/combinations_v1/static/m_x_tree.json: OK
reports/m_expanding_history_retrain_20260803/combinations_v1/static/txm.csv: OK
reports/m_expanding_history_retrain_20260803/combinations_v1/static/txm.json: OK
reports/m_expanding_history_retrain_20260803/combinations_v1/suite_manifest.json: OK
reports/m_expanding_history_retrain_20260803/final_checkpoint.json: OK
reports/m_expanding_history_retrain_20260803/final_full_history_e3/oos_metrics.json: OK
reports/m_expanding_history_retrain_20260803/final_full_history_e3/run_manifest.json: OK
reports/m_expanding_history_retrain_20260803/final_full_history_e3/unified_microstructure_block_25_checkpoint.pt: OK
reports/m_expanding_history_retrain_20260803/final_full_history_e3/unified_microstructure_full_oos.parquet: OK
reports/m_expanding_history_retrain_20260803/holdout_2024_e3/oos_metrics.json: OK
reports/m_expanding_history_retrain_20260803/holdout_2024_e3/run_manifest.json: OK
reports/m_expanding_history_retrain_20260803/holdout_2024_e3/unified_microstructure_block_00_checkpoint.pt: OK
reports/m_expanding_history_retrain_20260803/holdout_2024_e3/unified_microstructure_full_oos.parquet: OK
reports/m_expanding_history_retrain_20260803/holdout_2024_e6/oos_metrics.json: OK
reports/m_expanding_history_retrain_20260803/holdout_2024_e6/run_manifest.json: OK
reports/m_expanding_history_retrain_20260803/holdout_2024_e6/unified_microstructure_block_00_checkpoint.pt: OK
reports/m_expanding_history_retrain_20260803/holdout_2024_e6/unified_microstructure_full_oos.parquet: OK
reports/m_expanding_history_retrain_20260803/residual_recheck_v1/raw_m_residual_probe.json: OK
reports/m_expanding_history_retrain_20260803/residual_recheck_v1/raw_m_residual_probe_routes/base_20260801_2024_h1.parquet: OK
reports/m_expanding_history_retrain_20260803/residual_recheck_v1/raw_m_residual_probe_routes/base_20260801_2024_h2.parquet: OK
reports/m_expanding_history_retrain_20260803/residual_recheck_v1/raw_m_residual_probe_routes/base_20260802_2024_h1.parquet: OK
reports/m_expanding_history_retrain_20260803/residual_recheck_v1/raw_m_residual_probe_routes/base_20260802_2024_h2.parquet: OK
reports/m_expanding_history_retrain_20260803/residual_recheck_v1/raw_m_residual_probe_routes/base_20260803_2024_h1.parquet: OK
reports/m_expanding_history_retrain_20260803/residual_recheck_v1/raw_m_residual_probe_routes/base_20260803_2024_h2.parquet: OK
reports/m_expanding_history_retrain_20260803/residual_recheck_v1/run.log: OK
reports/m_expanding_history_retrain_20260803/run.log: OK
reports/m_expanding_history_retrain_20260803/score_cache/0fdfbe2c94b1dc265e3dfc120ee82345228f2280be5bc1031b5505677a88cdfb.json: OK
reports/m_expanding_history_retrain_20260803/score_cache/4600c953d527751cf3765005cb3397d57fbc6b1177dd043558e9a769a553c18c.json: OK
reports/m_expanding_history_retrain_20260803/score_cache/6d55e42f59662d09e77ac5e6b4a5823c8b42b3970c0f509700abdae79cf63c13.json: OK
reports/m_expanding_history_retrain_20260803/score_cache/f0c9783d68257269d3df71a1cb5559a7c7ed82c0dd706426ccd4bb1bf69f441d.json: OK
reports/m_expanding_history_retrain_20260803/selection.json: OK
reports/m_expanding_history_retrain_20260803/strict_oos_2023_e3.log: OK
reports/m_expanding_history_retrain_20260803/strict_oos_2023_e3/oos_metrics.json: OK
reports/m_expanding_history_retrain_20260803/strict_oos_2023_e3/run_manifest.json: OK
reports/m_expanding_history_retrain_20260803/strict_oos_2023_e3/unified_microstructure_block_00_checkpoint.pt: OK
reports/m_expanding_history_retrain_20260803/strict_oos_2023_e3/unified_microstructure_full_oos.parquet: OK
reports/m_expanding_history_retrain_20260803/strict_oos_route_2023_2024/strict_oos_period_scores.csv: OK
reports/m_expanding_history_retrain_20260803/strict_oos_route_2023_2024/strict_oos_period_scores.json: OK
reports/m_expanding_history_retrain_20260803/strict_oos_route_2023_2024/unified_microstructure_strict_oos.parquet: OK
reports/m_expanding_history_retrain_20260803/strict_oos_route_2023_2024/unified_microstructure_strict_oos.parquet.manifest.json: OK
reports/m_expanding_history_retrain_20260803/unified_conclusion_v1/correlation_matrix.csv: OK
reports/m_expanding_history_retrain_20260803/unified_conclusion_v1/run.log: OK
submissions/m_e2e/predict.ipynb: OK
submissions/m_e2e/train.py: OK
submissions/m_e2e/weights.json: OK
submissions/m_expanding_history_e3_20260803/aistudio_handoff.md: OK
submissions/m_expanding_history_e3_20260803/local_validation.log: OK
submissions/m_expanding_history_e3_20260803/submission_bundle_manifest.json: OK
submissions/m_expanding_history_e3_20260803/unified_m_base.py: OK
submissions/m_expanding_history_e3_20260803/unified_m_checkpoint.py: OK
submissions/m_expanding_history_e3_20260803/unified_m_microstructure.py: OK
submissions/m_expanding_history_e3_20260803/unified_m_raw.ipynb: OK
submissions/m_expanding_history_e3_20260803/unified_m_raw.py: OK
submissions/m_expanding_history_e3_20260803/unified_m_raw_manifest.json: OK
submissions/m_expanding_history_e3_20260803/unified_m_raw_validation.json: OK
submissions/m_expanding_history_e3_20260803/unified_m_temporal.py: OK
