{"phase": "training", "epoch": 1, "step": 50, "total": 1213, "elapsed_seconds": 27.37}
{"phase": "training", "epoch": 1, "step": 100, "total": 1213, "elapsed_seconds": 54.36}
{"phase": "training", "epoch": 1, "step": 150, "total": 1213, "elapsed_seconds": 80.64}
{"phase": "training", "epoch": 1, "step": 200, "total": 1213, "elapsed_seconds": 105.03}
{"phase": "training", "epoch": 1, "step": 250, "total": 1213, "elapsed_seconds": 130.16}
{"phase": "training", "epoch": 1, "step": 300, "total": 1213, "elapsed_seconds": 155.79}
{"phase": "training", "epoch": 1, "step": 350, "total": 1213, "elapsed_seconds": 181.2}
{"phase": "training", "epoch": 1, "step": 400, "total": 1213, "elapsed_seconds": 207.25}
{"phase": "training", "epoch": 1, "step": 450, "total": 1213, "elapsed_seconds": 233.46}
{"phase": "training", "epoch": 1, "step": 500, "total": 1213, "elapsed_seconds": 259.74}
{"phase": "training", "epoch": 1, "step": 550, "total": 1213, "elapsed_seconds": 285.77}
{"phase": "training", "epoch": 1, "step": 600, "total": 1213, "elapsed_seconds": 310.92}
{"phase": "training", "epoch": 1, "step": 650, "total": 1213, "elapsed_seconds": 336.6}
{"phase": "training", "epoch": 1, "step": 700, "total": 1213, "elapsed_seconds": 362.63}
{"phase": "training", "epoch": 1, "step": 750, "total": 1213, "elapsed_seconds": 388.78}
{"phase": "training", "epoch": 1, "step": 800, "total": 1213, "elapsed_seconds": 413.05}
{"phase": "training", "epoch": 1, "step": 850, "total": 1213, "elapsed_seconds": 438.3}
{"phase": "training", "epoch": 1, "step": 900, "total": 1213, "elapsed_seconds": 463.07}
{"phase": "training", "epoch": 1, "step": 950, "total": 1213, "elapsed_seconds": 488.76}
{"phase": "training", "epoch": 1, "step": 1000, "total": 1213, "elapsed_seconds": 514.19}
{"phase": "training", "epoch": 1, "step": 1050, "total": 1213, "elapsed_seconds": 539.46}
{"phase": "training", "epoch": 1, "step": 1100, "total": 1213, "elapsed_seconds": 564.45}
{"phase": "training", "epoch": 1, "step": 1150, "total": 1213, "elapsed_seconds": 590.6}
{"phase": "training", "epoch": 1, "step": 1200, "total": 1213, "elapsed_seconds": 616.2}
epoch=1 loss=-0.030416
{"phase": "training", "epoch": 2, "step": 50, "total": 1213, "elapsed_seconds": 26.14}
{"phase": "training", "epoch": 2, "step": 100, "total": 1213, "elapsed_seconds": 50.28}
{"phase": "training", "epoch": 2, "step": 150, "total": 1213, "elapsed_seconds": 73.87}
{"phase": "training", "epoch": 2, "step": 200, "total": 1213, "elapsed_seconds": 97.14}
{"phase": "training", "epoch": 2, "step": 250, "total": 1213, "elapsed_seconds": 120.42}
{"phase": "training", "epoch": 2, "step": 300, "total": 1213, "elapsed_seconds": 143.56}
{"phase": "training", "epoch": 2, "step": 350, "total": 1213, "elapsed_seconds": 166.69}
{"phase": "training", "epoch": 2, "step": 400, "total": 1213, "elapsed_seconds": 190.34}
{"phase": "training", "epoch": 2, "step": 450, "total": 1213, "elapsed_seconds": 214.97}
{"phase": "training", "epoch": 2, "step": 500, "total": 1213, "elapsed_seconds": 239.2}
{"phase": "training", "epoch": 2, "step": 550, "total": 1213, "elapsed_seconds": 265.56}
{"phase": "training", "epoch": 2, "step": 600, "total": 1213, "elapsed_seconds": 292.04}
{"phase": "training", "epoch": 2, "step": 650, "total": 1213, "elapsed_seconds": 316.39}
{"phase": "training", "epoch": 2, "step": 700, "total": 1213, "elapsed_seconds": 340.61}
{"phase": "training", "epoch": 2, "step": 750, "total": 1213, "elapsed_seconds": 365.28}
{"phase": "training", "epoch": 2, "step": 800, "total": 1213, "elapsed_seconds": 390.51}
{"phase": "training", "epoch": 2, "step": 850, "total": 1213, "elapsed_seconds": 416.85}
{"phase": "training", "epoch": 2, "step": 900, "total": 1213, "elapsed_seconds": 443.2}
{"phase": "training", "epoch": 2, "step": 950, "total": 1213, "elapsed_seconds": 467.86}
{"phase": "training", "epoch": 2, "step": 1000, "total": 1213, "elapsed_seconds": 492.37}
{"phase": "training", "epoch": 2, "step": 1050, "total": 1213, "elapsed_seconds": 516.93}
{"phase": "training", "epoch": 2, "step": 1100, "total": 1213, "elapsed_seconds": 541.45}
{"phase": "training", "epoch": 2, "step": 1150, "total": 1213, "elapsed_seconds": 566.06}
{"phase": "training", "epoch": 2, "step": 1200, "total": 1213, "elapsed_seconds": 592.42}
epoch=2 loss=-0.045161
{"phase": "training", "epoch": 3, "step": 50, "total": 1213, "elapsed_seconds": 24.59}
{"phase": "training", "epoch": 3, "step": 100, "total": 1213, "elapsed_seconds": 49.41}
{"phase": "training", "epoch": 3, "step": 150, "total": 1213, "elapsed_seconds": 74.81}
{"phase": "training", "epoch": 3, "step": 200, "total": 1213, "elapsed_seconds": 99.56}
{"phase": "training", "epoch": 3, "step": 250, "total": 1213, "elapsed_seconds": 123.88}
{"phase": "training", "epoch": 3, "step": 300, "total": 1213, "elapsed_seconds": 149.1}
{"phase": "training", "epoch": 3, "step": 350, "total": 1213, "elapsed_seconds": 174.92}
{"phase": "training", "epoch": 3, "step": 400, "total": 1213, "elapsed_seconds": 201.59}
{"phase": "training", "epoch": 3, "step": 450, "total": 1213, "elapsed_seconds": 228.16}
{"phase": "training", "epoch": 3, "step": 500, "total": 1213, "elapsed_seconds": 254.31}
{"phase": "training", "epoch": 3, "step": 550, "total": 1213, "elapsed_seconds": 281.04}
{"phase": "training", "epoch": 3, "step": 600, "total": 1213, "elapsed_seconds": 307.36}
{"phase": "training", "epoch": 3, "step": 650, "total": 1213, "elapsed_seconds": 333.11}
{"phase": "training", "epoch": 3, "step": 700, "total": 1213, "elapsed_seconds": 358.94}
{"phase": "training", "epoch": 3, "step": 750, "total": 1213, "elapsed_seconds": 385.34}
{"phase": "training", "epoch": 3, "step": 800, "total": 1213, "elapsed_seconds": 410.41}
{"phase": "training", "epoch": 3, "step": 850, "total": 1213, "elapsed_seconds": 436.51}
{"phase": "training", "epoch": 3, "step": 900, "total": 1213, "elapsed_seconds": 462.44}
{"phase": "training", "epoch": 3, "step": 950, "total": 1213, "elapsed_seconds": 487.43}
{"phase": "training", "epoch": 3, "step": 1000, "total": 1213, "elapsed_seconds": 513.91}
{"phase": "training", "epoch": 3, "step": 1050, "total": 1213, "elapsed_seconds": 540.14}
{"phase": "training", "epoch": 3, "step": 1100, "total": 1213, "elapsed_seconds": 566.3}
{"phase": "training", "epoch": 3, "step": 1150, "total": 1213, "elapsed_seconds": 591.37}
{"phase": "training", "epoch": 3, "step": 1200, "total": 1213, "elapsed_seconds": 617.07}
epoch=3 loss=-0.050743
checkpoint=saved path=/root/autodl-tmp/minute-grid-240-moreseeds-20260906/results/seed20260812/clock242/unified_microstructure_block_00_checkpoint.pt
{"phase": "inference", "step": 50, "total": 241, "elapsed_seconds": 21.99}
{"phase": "inference", "step": 100, "total": 241, "elapsed_seconds": 42.98}
{"phase": "inference", "step": 150, "total": 241, "elapsed_seconds": 63.87}
{"phase": "inference", "step": 200, "total": 241, "elapsed_seconds": 85.83}
{"train_start": "2019-01-02", "train_end": "2023-12-28", "prediction_start": "2024-01-02", "prediction_end": "2024-12-30", "usable_train_days": 1213, "prediction_days": 241, "missing_prediction_days": 0, "rank_ic_mean": 0.043680297795834086, "epoch_losses": [-0.030416080551198932, -0.04516060915733369, -0.05074338698437206], "epoch_oos_rank_ic": [], "parameter_count": 217953, "checkpoint": "/root/autodl-tmp/minute-grid-240-moreseeds-20260906/results/seed20260812/clock242/unified_microstructure_block_00_checkpoint.pt", "checkpoint_sha256": "b300527d0afa2c47383566c6627977a050501089d5d7ef1891a9f5f90482dba0", "checkpoint_reused": false, "block": 0}
